[20:14:12] 🔍 🔍 存储服务实例: LocalStorageService
[20:14:12] 🔍 🔍 基础目录: D:\03_Workspace\00_GitHub\llm_tools\output\bidding_data
[20:14:12] 🔍 🔍 HTML目录: D:\03_Workspace\00_GitHub\llm_tools\output\bidding_data\raw_html
[20:14:12] 🔍 🔍 元数据目录: D:\03_Workspace\00_GitHub\llm_tools\output\bidding_data\metadata
[20:14:14] 🔍 🔍 存储服务实例: LocalStorageService
[20:14:14] 🔍 🔍 基础目录: D:\03_Workspace\00_GitHub\llm_tools\output\bidding_data
[20:14:14] 🔍 🔍 HTML目录: D:\03_Workspace\00_GitHub\llm_tools\output\bidding_data\raw_html
[20:14:14] 🔍 🔍 元数据目录: D:\03_Workspace\00_GitHub\llm_tools\output\bidding_data\metadata
[20:14:15] 🔍 🔍 存储服务实例: LocalStorageService
[20:14:15] 🔍 🔍 基础目录: D:\03_Workspace\00_GitHub\llm_tools\output\bidding_data
[20:14:15] 🔍 🔍 HTML目录: D:\03_Workspace\00_GitHub\llm_tools\output\bidding_data\raw_html
[20:14:15] 🔍 🔍 元数据目录: D:\03_Workspace\00_GitHub\llm_tools\output\bidding_data\metadata
[20:14:15] 🔍 🔍 存储服务实例: LocalStorageService
[20:14:15] 🔍 🔍 基础目录: D:\03_Workspace\00_GitHub\llm_tools\output\bidding_data
[20:14:15] 🔍 🔍 HTML目录: D:\03_Workspace\00_GitHub\llm_tools\output\bidding_data\raw_html
[20:14:15] 🔍 🔍 元数据目录: D:\03_Workspace\00_GitHub\llm_tools\output\bidding_data\metadata
[20:14:16] 🔍 🔍 存储服务实例: LocalStorageService
[20:14:16] 🔍 🔍 基础目录: D:\03_Workspace\00_GitHub\llm_tools\output\bidding_data
[20:14:17] 🔍 🔍 HTML目录: D:\03_Workspace\00_GitHub\llm_tools\output\bidding_data\raw_html
[20:14:17] 🔍 🔍 元数据目录: D:\03_Workspace\00_GitHub\llm_tools\output\bidding_data\metadata
[20:17:46] ⚠️ ⚠️ 清空缓存失败: 未找到存储服务实例
[20:17:47] ⚠️ ⚠️ 清空缓存失败: 未找到存储服务实例
[20:17:48] ⚠️ ⚠️ 清空缓存失败: 未找到存储服务实例
[20:17:49] ⚠️ ⚠️ 清空缓存失败: 未找到存储服务实例
[20:17:50] ⚠️ ⚠️ 清空缓存失败: 未找到存储服务实例
[20:19:22] ℹ️ 🔧 创建临时存储服务实例用于清空缓存
[20:19:23] ℹ️ 🔧 创建临时存储服务实例用于清空缓存
[20:19:24] ℹ️ 🔧 创建临时存储服务实例用于清空缓存
[20:19:25] ℹ️ 🔧 创建临时存储服务实例用于清空缓存
[20:19:26] ℹ️ 🔧 创建临时存储服务实例用于清空缓存
[20:19:26] ℹ️ ✅ 用户确认清空缓存，开始执行...
[20:19:26] 🔍 🔍 存储服务实例: LocalStorageService
[20:19:26] 🔍 🔍 基础目录: D:\03_Workspace\00_GitHub\llm_tools\output\bidding_data
[20:19:26] 🔍 🔍 HTML目录: D:\03_Workspace\00_GitHub\llm_tools\output\bidding_data\raw_html
[20:19:26] 🔍 🔍 元数据目录: D:\03_Workspace\00_GitHub\llm_tools\output\bidding_data\metadata
[20:19:26] ⚠️ 🧹 正在执行清空缓存操作...
[20:19:26] ✅ ✅ 缓存清空完成！ 删除HTML文件 30 个， 删除元数据文件 32 个， 清理目录 1 个， 总计删除文件 62 个
[20:19:29] ℹ️ 🔧 创建临时存储服务实例用于清空缓存
[20:19:30] ℹ️ 🔧 创建临时存储服务实例用于清空缓存
[20:19:30] ℹ️ 🔧 创建临时存储服务实例用于清空缓存
[20:19:30] ℹ️ ✅ 用户确认清空缓存，开始执行...
[20:19:30] 🔍 🔍 存储服务实例: LocalStorageService
[20:19:30] 🔍 🔍 基础目录: D:\03_Workspace\00_GitHub\llm_tools\output\bidding_data
[20:19:30] 🔍 🔍 HTML目录: D:\03_Workspace\00_GitHub\llm_tools\output\bidding_data\raw_html
[20:19:30] 🔍 🔍 元数据目录: D:\03_Workspace\00_GitHub\llm_tools\output\bidding_data\metadata
[20:19:30] ⚠️ 🧹 正在执行清空缓存操作...
[20:19:30] ✅ ✅ 缓存清空完成！ 删除HTML文件 0 个， 删除元数据文件 1 个， 清理目录 1 个， 总计删除文件 1 个
[20:19:52] ✅ ✅ 爬虫线程已启动
[20:19:52] ✅ 🚀 启动爬虫任务...
[20:19:52] ℹ️ [20:19:52] 🚀 开始爬取任务...
[20:19:52] ℹ️ [20:19:52] 会话ID: 0033020d-b91c-45f7-9e77-808e4b63109b
[20:19:52] ℹ️ [20:19:52] 搜索关键词: 广州供电局
[20:19:52] ℹ️ [20:19:52] 最大页数: 10
[20:19:52] ℹ️ [20:19:52] 输出目录: D:\03_Workspace\00_GitHub\llm_tools\output\bidding_data
[20:19:52] ℹ️ [20:19:52] 🌐 初始化浏览器...
[20:19:52] ℹ️ [20:19:52] ✅ 设置WindowsProactorEventLoopPolicy成功
[20:19:52] ℹ️ [20:19:52] ✅ 设置ProactorEventLoop成功
[20:19:52] ℹ️ [20:19:52] 🔧 使用单进程模式避免子进程问题
[20:19:52] ℹ️ [20:19:52] ✅ 浏览器初始化完成
[20:19:52] ℹ️ [20:19:52] 📋 公告类型: service
[20:19:52] ℹ️ [20:19:52] 🔍 访问搜索页面: https://www.bidding.csg.cn/dbsearch.jspx?channelId=309&types=service&org=&q=
[20:19:54] ℹ️ [20:19:54] 📝 输入搜索关键词: 广州供电局
[20:19:54] ℹ️ [20:19:54] 🔎 点击搜索按钮...
[20:19:59] ℹ️ [20:19:59] 📄 进入搜索结果页面: 中国南方电网-供应链统一服务平台
[20:19:59] ℹ️ [20:19:59] 📈 找到 5151 条记录，共 344 页
[20:19:59] ℹ️ [20:19:59] 📊 预计总页数: 10
[20:19:59] ℹ️ [20:19:59] 📖 处理第 1/10 页
[20:19:59] ℹ️ [20:19:59] 🔍 页面找到 15 个项目
[20:19:59] ℹ️ [20:19:59] 🔗 访问详细页面: https://www.bidding.csg.cn/zbgg/1200396167.jhtml
[20:19:59] ℹ️ [20:19:59] 📄 页面类型: 招标公告
[20:19:59] ℹ️ [20:19:59] ✅ 成功解析: 2025年广州供电局科技项目（第三批）之10kV电缆模塑熔接头、便携式发电车、绿电示范区、输电电缆接...
[20:19:59] ℹ️ [20:19:59] 🔗 访问详细页面: https://www.bidding.csg.cn/zbhxrgs/1200396166.jhtml
[20:19:59] ℹ️ [20:19:59] 📄 页面类型: 公示公告
[20:19:59] ℹ️ [20:19:59] ✅ 成功解析: 2025年广州供电局科技项目（第三批）之10kV电缆模塑熔接头、便携式发电车、绿电示范区、输电电缆接...
[20:19:59] ℹ️ [20:19:59] 🔗 访问详细页面: https://www.bidding.csg.cn/zbhxrgs/1200396091.jhtml
[20:20:00] ℹ️ [20:20:00] 📄 页面类型: 公示公告
[20:20:00] ℹ️ [20:20:00] ✅ 成功解析: 2025年广州供电局科技项目（第五批）之电科院（氢能中心）专项中标公告...
[20:20:00] ℹ️ [20:20:00] 🔗 访问详细页面: https://www.bidding.csg.cn/zbhxrgs/1200396148.jhtml
[20:20:00] ℹ️ [20:20:00] 📄 页面类型: 公示公告
[20:20:00] ℹ️ [20:20:00] ✅ 成功解析: 广州供电局2025年营销域、供应链域、人资域、数字化域等领域自主可控信息系统适配性改造项目中标公告...
[20:20:00] ℹ️ [20:20:00] 🔗 访问详细页面: https://www.bidding.csg.cn/zbhxrgs/1200396147.jhtml
[20:20:00] ℹ️ [20:20:00] 📄 页面类型: 公示公告
[20:20:00] ℹ️ [20:20:00] ✅ 成功解析: 广州供电局2025至2027年第一批标准件框架公开招标（防火门）中标公告...
[20:20:00] ℹ️ [20:20:00] 🔗 访问详细页面: https://www.bidding.csg.cn/zbhxrgs/1200396137.jhtml
[20:20:02] ℹ️ [20:20:02] 📄 页面类型: 公示公告
[20:20:02] ℹ️ [20:20:02] ✅ 成功解析: 广州供电局2025年第3批主网一次设备（10kV紧凑型集合式电容器组等）、配网设备材料（安全工器具柜...
[20:20:02] ℹ️ [20:20:02] 🔗 访问详细页面: https://www.bidding.csg.cn/zbhxrgs/1200396136.jhtml
[20:20:02] ℹ️ [20:20:02] 📄 页面类型: 公示公告
[20:20:02] ℹ️ [20:20:02] ✅ 成功解析: 广州供电局2025年第3批主网二次设备（OS2省地级主站基础设备等）专项物资竞争性谈判中标公告...
[20:20:02] ℹ️ [20:20:02] 🔗 访问详细页面: https://www.bidding.csg.cn/zbhxrgs/1200396134.jhtml
[20:20:02] ℹ️ [20:20:02] 📄 页面类型: 公示公告
[20:20:02] ℹ️ [20:20:02] ✅ 成功解析: 2025年广州供电局科技项目（第四批）之输电线缆无人机、架空输电导线自动压接机器人、换流阀内冷水自动...
[20:20:02] ℹ️ [20:20:02] 🔗 访问详细页面: https://www.bidding.csg.cn/zbhxrgs/1200396133.jhtml
[20:20:02] ℹ️ [20:20:02] 📄 页面类型: 公示公告
[20:20:02] ℹ️ [20:20:02] ✅ 成功解析: 广州供电局2025年数字化平台技术服务项目中标公告...
[20:20:02] ℹ️ [20:20:02] 🔗 访问详细页面: https://www.bidding.csg.cn/fzbgg/1200396130.jhtml
[20:20:03] ℹ️ [20:20:03] 📄 页面类型: 非招标公告
[20:20:03] ℹ️ [20:20:03] ✅ 成功解析: 广州供电局2025年第4批通信设备材料（无线基站等）、信息类软硬件（接入设备等）专项物资竞争性谈判采...
[20:20:03] ℹ️ [20:20:03] 🔗 访问详细页面: https://www.bidding.csg.cn/zbhxrgs/1200396128.jhtml
[20:20:08] ℹ️ [20:20:08] 📄 页面类型: 公示公告
[20:20:08] ℹ️ [20:20:08] ✅ 成功解析: 广州供电局2025年基于柔性直流技术的配网台区低电压治理技术服务框架中标公示...
[20:20:08] ℹ️ [20:20:08] 🔗 访问详细页面: https://www.bidding.csg.cn/zbgg/1200396090.jhtml
[20:20:09] ℹ️ [20:20:09] 📄 页面类型: 招标公告
[20:20:09] ℹ️ [20:20:09] ✅ 成功解析: 2025年广州供电局科技项目（第五批）之电科院（氢能中心）专项(二次招标)招标公告...
[20:20:09] ℹ️ [20:20:09] 🔗 访问详细页面: https://www.bidding.csg.cn/zbhxrgs/1200396076.jhtml
[20:20:10] ℹ️ [20:20:10] 📄 页面类型: 公示公告
[20:20:10] ℹ️ [20:20:10] ✅ 成功解析: 广州供电局2025年配网项目投资评价与督导咨询、退役资产修复再利用等服务框架中标公示...
[20:20:10] ℹ️ [20:20:10] 🔗 访问详细页面: https://www.bidding.csg.cn/zbgg/1200396075.jhtml
[20:20:10] ℹ️ [20:20:10] 📄 页面类型: 招标公告
[20:20:10] ℹ️ [20:20:10] ✅ 成功解析: 2025年广州供电局科技项目（第四批）之输电线缆无人机、架空输电导线自动压接机器人、换流阀内冷水自动...
[20:20:10] ℹ️ [20:20:10] 🔗 访问详细页面: https://www.bidding.csg.cn/zbgg/1200396024.jhtml
[20:20:12] ℹ️ [20:20:12] 📄 页面类型: 招标公告
[20:20:12] ℹ️ [20:20:12] ✅ 成功解析: 广州供电局2025年第4批仪器仪表（电缆局放短时在线监测系统等）专项物资公开招标招标公告...
[20:20:42] ℹ️ [20:20:42] ❌ 翻页失败: Locator.get_attribute: Timeout 30000ms exceeded.
Call log:
  - waiting for locator("text=下一页")

[20:20:42] ℹ️ [20:20:42] ❌ 无法翻到下一页，结束爬取
[20:20:42] ℹ️ [20:20:42] ✅ 爬取任务完成！共爬取 15 条记录
[20:20:42] ℹ️ [20:20:42] 🧹 浏览器资源清理完成
[20:20:42] ✅ ✅ 爬取完成！共获取 15 条记录
